Traceback (most recent call last):
  File "D:\users\anaconda3\lib\site-packages\jupyter_cache\executors\utils.py", line 64, in single_nb_execution
    **kwargs,
  File "D:\users\anaconda3\lib\site-packages\nbclient\client.py", line 1204, in execute
    return NotebookClient(nb=nb, resources=resources, km=km, **kwargs).execute()
  File "D:\users\anaconda3\lib\site-packages\nbclient\util.py", line 84, in wrapped
    return just_run(coro(*args, **kwargs))
  File "D:\users\anaconda3\lib\site-packages\nbclient\util.py", line 62, in just_run
    return loop.run_until_complete(coro)
  File "D:\users\anaconda3\lib\asyncio\base_events.py", line 579, in run_until_complete
    return future.result()
  File "D:\users\anaconda3\lib\site-packages\nbclient\client.py", line 664, in async_execute
    cell, index, execution_count=self.code_cells_executed + 1
  File "D:\users\anaconda3\lib\site-packages\nbclient\client.py", line 965, in async_execute_cell
    await self._check_raise_for_error(cell, cell_index, exec_reply)
  File "D:\users\anaconda3\lib\site-packages\nbclient\client.py", line 862, in _check_raise_for_error
    raise CellExecutionError.from_cell_and_msg(cell, exec_reply_content)
nbclient.exceptions.CellExecutionError: An error occurred while executing the following cell:
------------------
text = tk.Text(window, height=30, width=80)
text.pack()
------------------

[1;31m---------------------------------------------------------------------------[0m
[1;31mTclError[0m                                  Traceback (most recent call last)
[1;32m<ipython-input-2-6e73a61eccea>[0m in [0;36m<module>[1;34m[0m
[1;32m----> 1[1;33m [0mtext[0m [1;33m=[0m [0mtk[0m[1;33m.[0m[0mText[0m[1;33m([0m[0mwindow[0m[1;33m,[0m [0mheight[0m[1;33m=[0m[1;36m30[0m[1;33m,[0m [0mwidth[0m[1;33m=[0m[1;36m80[0m[1;33m)[0m[1;33m[0m[1;33m[0m[0m
[0m[0;32m      2[0m [0mtext[0m[1;33m.[0m[0mpack[0m[1;33m([0m[1;33m)[0m[1;33m[0m[1;33m[0m[0m

[1;32mD:\users\anaconda3\lib\tkinter\__init__.py[0m in [0;36m__init__[1;34m(self, master, cnf, **kw)[0m
[0;32m   3099[0m [1;33m[0m[0m
[0;32m   3100[0m         """
[1;32m-> 3101[1;33m         [0mWidget[0m[1;33m.[0m[0m__init__[0m[1;33m([0m[0mself[0m[1;33m,[0m [0mmaster[0m[1;33m,[0m [1;34m'text'[0m[1;33m,[0m [0mcnf[0m[1;33m,[0m [0mkw[0m[1;33m)[0m[1;33m[0m[1;33m[0m[0m
[0m[0;32m   3102[0m     [1;32mdef[0m [0mbbox[0m[1;33m([0m[0mself[0m[1;33m,[0m [0mindex[0m[1;33m)[0m[1;33m:[0m[1;33m[0m[1;33m[0m[0m
[0;32m   3103[0m         """Return a tuple of (x,y,width,height) which gives the bounding

[1;32mD:\users\anaconda3\lib\tkinter\__init__.py[0m in [0;36m__init__[1;34m(self, master, widgetName, cnf, kw, extra)[0m
[0;32m   2297[0m             [1;32mdel[0m [0mcnf[0m[1;33m[[0m[0mk[0m[1;33m][0m[1;33m[0m[1;33m[0m[0m
[0;32m   2298[0m         self.tk.call(
[1;32m-> 2299[1;33m             (widgetName, self._w) + extra + self._options(cnf))
[0m[0;32m   2300[0m         [1;32mfor[0m [0mk[0m[1;33m,[0m [0mv[0m [1;32min[0m [0mclasses[0m[1;33m:[0m[1;33m[0m[1;33m[0m[0m
[0;32m   2301[0m             [0mk[0m[1;33m.[0m[0mconfigure[0m[1;33m([0m[0mself[0m[1;33m,[0m [0mv[0m[1;33m)[0m[1;33m[0m[1;33m[0m[0m

[1;31mTclError[0m: can't invoke "text" command: application has been destroyed
TclError: can't invoke "text" command: application has been destroyed

