Traceback (most recent call last):
  File "D:\users\anaconda3\lib\site-packages\jupyter_cache\executors\utils.py", line 64, in single_nb_execution
    **kwargs,
  File "D:\users\anaconda3\lib\site-packages\nbclient\client.py", line 1204, in execute
    return NotebookClient(nb=nb, resources=resources, km=km, **kwargs).execute()
  File "D:\users\anaconda3\lib\site-packages\nbclient\util.py", line 84, in wrapped
    return just_run(coro(*args, **kwargs))
  File "D:\users\anaconda3\lib\site-packages\nbclient\util.py", line 62, in just_run
    return loop.run_until_complete(coro)
  File "D:\users\anaconda3\lib\asyncio\base_events.py", line 579, in run_until_complete
    return future.result()
  File "D:\users\anaconda3\lib\site-packages\nbclient\client.py", line 664, in async_execute
    cell, index, execution_count=self.code_cells_executed + 1
  File "D:\users\anaconda3\lib\site-packages\nbclient\client.py", line 965, in async_execute_cell
    await self._check_raise_for_error(cell, cell_index, exec_reply)
  File "D:\users\anaconda3\lib\site-packages\nbclient\client.py", line 862, in _check_raise_for_error
    raise CellExecutionError.from_cell_and_msg(cell, exec_reply_content)
nbclient.exceptions.CellExecutionError: An error occurred while executing the following cell:
------------------
# 이미지 로드
player_image = pygame.image.load("./images/player.jpg")

# 이미지 크기 조정
player_image = pygame.transform.scale(player_image, (80, 100))  # 100x100 크기로 조정

# 이미지 화면에 그리기
screen.blit(player_image, (400, 500))  # (x, y) 이미지를 표시할 좌표
------------------

[1;31m---------------------------------------------------------------------------[0m
[1;31mFileNotFoundError[0m                         Traceback (most recent call last)
[1;32m<ipython-input-2-c6a4ea058421>[0m in [0;36m<module>[1;34m[0m
[0;32m      1[0m [1;31m# 이미지 로드[0m[1;33m[0m[1;33m[0m[1;33m[0m[0m
[1;32m----> 2[1;33m [0mplayer_image[0m [1;33m=[0m [0mpygame[0m[1;33m.[0m[0mimage[0m[1;33m.[0m[0mload[0m[1;33m([0m[1;34m"./images/player.jpg"[0m[1;33m)[0m[1;33m[0m[1;33m[0m[0m
[0m[0;32m      3[0m [1;33m[0m[0m
[0;32m      4[0m [1;31m# 이미지 크기 조정[0m[1;33m[0m[1;33m[0m[1;33m[0m[0m
[0;32m      5[0m [0mplayer_image[0m [1;33m=[0m [0mpygame[0m[1;33m.[0m[0mtransform[0m[1;33m.[0m[0mscale[0m[1;33m([0m[0mplayer_image[0m[1;33m,[0m [1;33m([0m[1;36m80[0m[1;33m,[0m [1;36m100[0m[1;33m)[0m[1;33m)[0m  [1;31m# 100x100 크기로 조정[0m[1;33m[0m[1;33m[0m[0m

[1;31mFileNotFoundError[0m: No file './images/player.jpg' found in working directory 'C:\Users\user\Explorer-Computing-Ver.1'.
FileNotFoundError: No file './images/player.jpg' found in working directory 'C:\Users\user\Explorer-Computing-Ver.1'.

